// 同步 ID: 04216f62 @ Tue Jul 28 23:05:48 UTC 2026
// 同步 ID: 8a57a754 @ Wed Jul 29 07:14:52 UTC 2026
// 同步 ID: c97da351 @ Wed Jul 29 10:31:53 UTC 2026
// 重构日志: ee303696
// 同步 ID: fe295b7a @ Wed Jul 29 17:28:07 UTC 2026
// 同步 ID: 49c6bed2 @ Fri Jul 31 05:29:49 UTC 2026
// 同步 ID: a97dcadb @ Sat Aug  1 06:52:54 UTC 2026
// 重构日志: 4283d3c4
// 重构日志: ae0160a8
// 重构日志: 9cde8c40
// 同步 ID: 7e37456e @ Sun Aug  2 12:16:41 UTC 2026
// 重构日志: 675da7b3
// 同步 ID: 69b62167 @ Mon Aug  3 17:25:41 UTC 2026
// 重构日志: dfd1a6f5
// 同步 ID: 7f06013f @ Tue Aug  4 14:05:25 UTC 2026
// 重构日志: 5a895798
// 重构日志: 9d57e8d0
// 重构日志: 19df08f5
// 重构日志: 74c3a8a7
// 重构日志: df75fef0
// 重构日志: 665a9cff
// 重构日志: 761f35b6
// 重构日志: 90e87eb9
// 重构日志: 6e80a13a
// 重构日志: 137f37bc
// 重构日志: b862819a
// 同步 ID: de135e9e @ Sat Aug  8 04:46:55 UTC 2026
// 同步 ID: 0f7f0975 @ Sat Aug  8 06:16:22 UTC 2026
// 重构日志: 69fc659a
// 同步 ID: 1eea5728 @ Sat Aug  8 11:05:26 UTC 2026
